python : Creating test database for alias 'default' 
('file:memorydb_default?mode=memory&cache=shared')...
At line:1 char:1
+ python manage.py test booking.tests.test_court_calendar.CourtCalendar ...
+ ~~~~~~~~~~~~~~~~~~~~~~~~~~~~~~~~~~~~~~~~~~~~~~~~~~~~~~~~~~~~~~~~~~~~~
    + CategoryInfo          : NotSpecified: (Creating test d...che=shared')... 
   :String) [], RemoteException
    + FullyQualifiedErrorId : NativeCommandError
 

Found 1 test(s).
Operations to perform:
  Synchronize unmigrated apps: messages, rest_framework, staticfiles
  Apply all migrations: admin, auth, booking, contenttypes, sessions, users
Synchronizing apps without migrations:
  Creating tables...
    Running deferred SQL...
Running migrations:
  Applying contenttypes.0001_initial... OK
  Applying contenttypes.0002_remove_content_type_name... OK
  Applying auth.0001_initial... OK
  Applying auth.0002_alter_permission_name_max_length... OK
  Applying auth.0003_alter_user_email_max_length... OK
  Applying auth.0004_alter_user_username_opts... OK
  Applying auth.0005_alter_user_last_login_null... OK
  Applying auth.0006_require_contenttypes_0002... OK
  Applying auth.0007_alter_validators_add_error_messages... OK
  Applying auth.0008_alter_user_username_max_length... OK
  Applying auth.0009_alter_user_last_name_max_length... OK
  Applying auth.0010_alter_group_name_max_length... OK
  Applying auth.0011_update_proxy_permissions... OK
  Applying auth.0012_alter_user_first_name_max_length... OK
  Applying users.0001_initial... OK
  Applying admin.0001_initial... OK
  Applying admin.0002_logentry_remove_auto_add... OK
  Applying admin.0003_logentry_add_action_flag_choices... OK
  Applying booking.0001_initial... OK
test_available_slots_display (booking.tests.test_court_calendar.CourtCalendarVi
ewTest.test_available_slots_display)
  Applying sessions.0001_initial... OK
System check identified no issues (0 silenced).

=== Debug Info ===
TimeSlot 1: 09:00:00 (type: <class 'str'>)
TimeSlot 2: 10:00:00 (type: <class 'str'>)

Requesting URL: /booking/calendar/?venue=1&date=2025-08-04

Response status: 200
Checking if response contains venue name: Basketball Court
Checking for available slot time: 10:00 am
Error processing time slots: False is not true : Couldn't find '10:00 am' in the following response
Test that available slots are displayed correctly ... FAIL

======================================================================
FAIL: test_available_slots_display (booking.tests.test_court_calendar.CourtCale
ndarViewTest.test_available_slots_display)
Test that available slots are displayed correctly
----------------------------------------------------------------------
Traceback (most recent call last):
  File 
"C:\Users\indira\sports_center_project\booking\tests\test_court_calendar.py", 
line 122, in test_available_slots_display
    self.assertContains(response, expected_time)
    ~~~~~~~~~~~~~~~~~~~^^^^^^^^^^^^^^^^^^^^^^^^^
AssertionError: False is not true : Couldn't find '10:00 am' in the following 
response
b'<!DOCTYPE html>\n<html lang="en">\n<head>\n  <meta charset="UTF-8" />\n  
<meta name="viewport" content="width=device-width, initial-scale=1.0">\n  
<title>Court Availability - Sports Center</title>\n  <link 
href="https://cdn.jsdelivr.net/npm/bootstrap@5.3.2/dist/css/bootstrap.min.css" 
rel="stylesheet" />\n  <link rel="stylesheet" href="https://cdnjs.cloudflare.co
m/ajax/libs/font-awesome/6.4.0/css/all.min.css" />\n  <script src="https://cdn.
jsdelivr.net/npm/bootstrap@5.3.2/dist/js/bootstrap.bundle.min.js"></script>\n  
\n<style>\n    .calendar-header {\n        background: linear-gradient(135deg, 
#4e73df 0%, #224abe 100%);\n        color: white;\n        border-radius: 
10px;\n        padding: 1.5rem;\n        margin-bottom: 1.5rem;\n    }\n    \n 
   .calendar-nav {\n        display: flex;\n        justify-content: 
space-between;\n        align-items: center;\n        margin-bottom: 1rem;\n   
 }\n    \n    .calendar-title {\n        font-size: 1.5rem;\n        
font-weight: 600;\n        margin: 0;\n    }\n    \n    .calendar-grid {\n     
   background: white;\n        border-radius: 10px;\n        box-shadow: 0 
0.15rem 1.75rem 0 rgba(58, 59, 69, 0.15);\n        padding: 1.5rem;\n        
margin-bottom: 1.5rem;\n    }\n    \n    .calendar-weekdays {\n        
display: grid;\n        grid-template-columns: repeat(7, 1fr);\n        gap: 
0.5rem;\n        margin-bottom: 0.5rem;\n        font-weight: 600;\n        
text-align: center;\n    }\n    \n    .calendar-days {\n        display: 
grid;\n        grid-template-columns: repeat(7, 1fr);\n        gap: 0.5rem;\n  
  }\n    \n    .calendar-day {\n        aspect-ratio: 1;\n        display: 
flex;\n        flex-direction: column;\n        align-items: center;\n        
justify-content: center;\n        border-radius: 8px;\n        cursor: 
pointer;\n        transition: all 0.2s;\n        position: relative;\n        
padding: 0.5rem;\n    }\n    \n    .calendar-day:hover {\n        
background-color: #f8f9fc;\n    }\n    \n    .calendar-day.today {\n        
background-color: #e3f2fd;\n        font-weight: 600;\n    }\n    \n    
.calendar-day.selected {\n        background-color: #4e73df;\n        color: 
white;\n    }\n    \n    .calendar-day.other-month {\n        opacity: 0.5;\n  
  }\n    \n    .calendar-day-number {\n        font-size: 1.1rem;\n        
margin-bottom: 0.25rem;\n    }\n    \n    .time-slots {\n        background: 
white;\n        border-radius: 10px;\n        box-shadow: 0 0.15rem 1.75rem 0 
rgba(58, 59, 69, 0.15);\n        padding: 1.5rem;\n    }\n    \n    .time-slot 
{\n        display: inline-block;\n        padding: 0.5rem 1rem;\n        
margin: 0.25rem;\n        background-color: #f8f9fc;\n        border-radius: 
20px;\n        cursor: pointer;\n        transition: all 0.2s;\n    }\n    \n  
  .time-slot:hover, .time-slot.selected {\n        background-color: 
#4e73df;\n        color: white;\n    }\n    \n    .venue-selector {\n        
margin-bottom: 1.5rem;\n    }\n    \n    .btn-date-nav {\n        background: 
rgba(255, 255, 255, 0.1);\n        border: none;\n        color: white;\n      
  border-radius: 50%;\n        width: 2.5rem;\n        height: 2.5rem;\n       
 display: flex;\n        align-items: center;\n        justify-content: 
center;\n        transition: all 0.2s;\n    }\n    \n    .btn-date-nav:hover 
{\n        background: rgba(255, 255, 255, 0.2);\n    }\n</style>\n\n  
<style>\n    /* Ensure the body takes full height */\n    html, body {\n      
height: 100%;\n      margin: 0;\n      padding: 0;\n    }\n  
</style>\n</head>\n<body>\n\n  <!-- Background video and overlay will be added 
by child templates -->\n\n  <nav class="navbar navbar-expand-lg navbar-dark 
bg-dark">\n    <div class="container">\n      <a class="navbar-brand" 
href="/">Sports Center</a>\n      <button class="navbar-toggler" type="button" 
data-bs-toggle="collapse" data-bs-target="#navbarNav" 
aria-controls="navbarNav" aria-expanded="false" aria-label="Toggle 
navigation">\n        <span class="navbar-toggler-icon"></span>\n      
</button>\n      <div class="collapse navbar-collapse" id="navbarNav">\n       
 <ul class="navbar-nav me-auto">\n          <li class="nav-item">\n            
<a class="nav-link" href="/">Home</a>\n          </li>\n          \n          
<li class="nav-item">\n            <a class="nav-link" 
href="/booking/calendar/">Book a Court</a>\n          </li>\n          <li 
class="nav-item">\n            <a class="nav-link" 
href="/booking/my-bookings/">My Bookings</a>\n          </li>\n          \n    
    </ul>\n        <ul class="navbar-nav">\n          \n          <li 
class="nav-item dropdown">\n            <a class="nav-link dropdown-toggle" 
href="#" id="navbarDropdown" role="button" data-bs-toggle="dropdown" 
aria-expanded="false">\n              \n                <img 
src="/media/images/default-avatar.svg" class="rounded-circle me-1" width="30" 
height="30" alt="Profile">\n              \n              Test User\n          
  </a>\n            <ul class="dropdown-menu dropdown-menu-end" 
aria-labelledby="navbarDropdown">\n              <li><a class="dropdown-item" 
href="/user/profile/"><i class="fas fa-user me-2"></i>Profile</a></li>\n       
       <li><a class="dropdown-item" href="/user/change-password/"><i 
class="fas fa-key me-2"></i>Change Password</a></li>\n              <li><hr 
class="dropdown-divider"></li>\n              <li><a class="dropdown-item 
text-danger" href="/user/logout/"><i class="fas fa-sign-out-alt 
me-2"></i>Logout</a></li>\n            </ul>\n          </li>\n          \n    
    </ul>\n      </div>\n    </div>\n  </nav>\n\n  <div class="container mt-4 
position-relative" style="z-index: 2;">\n    \n<div class="container py-4">\n  
  <div class="calendar-header">\n        <div class="d-flex 
justify-content-between align-items-center mb-4">\n            <h1 class="h3 
mb-0 text-white">Court Availability</h1>\n            <div 
class="venue-selector">\n                <select class="form-select" 
id="venueSelect">\n                    \n                    <option value="1" 
selected>\n                        Basketball Court (50.00/hr)\n               
     </option>\n                    \n                </select>\n            
</div>\n        </div>\n        \n        <div class="calendar-nav">\n         
   <a href="/booking/calendar/2025/7/" \n               
class="btn-date-nav">\n                <i class="fas fa-chevron-left"></i>\n   
         </a>\n            \n            <h2 class="calendar-title">\n         
       August 2025\n            </h2>\n            \n            <a 
href="/booking/calendar/2025/9/" \n               class="btn-date-nav">\n      
          <i class="fas fa-chevron-right"></i>\n            </a>\n        
</div>\n    </div>\n    \n    <div class="row">\n        <div 
class="col-lg-8">\n            <div class="calendar-grid">\n                
<div class="calendar-weekdays">\n                    <div>Mon</div>\n          
          <div>Tue</div>\n                    <div>Wed</div>\n                 
   <div>Thu</div>\n                    <div>Fri</div>\n                    
<div>Sat</div>\n                    <div>Sun</div>\n                </div>\n   
             \n                <div class="calendar-days">\n                   
 \n                        \n                            <div 
class="calendar-day \n                                other-month\n            
                    \n                                "\n                      
          data-date="2025-07-28">\n                                <div 
class="calendar-day-number">28</div>\n                                <div 
class="calendar-day-events"></div>\n                            </div>\n       
                 \n                            <div class="calendar-day \n     
                           other-month\n                                \n     
                           "\n                                
data-date="2025-07-29">\n                                <div 
class="calendar-day-number">29</div>\n                                <div 
class="calendar-day-events"></div>\n                            </div>\n       
                 \n                            <div class="calendar-day \n     
                           other-month\n                                \n     
                           "\n                                
data-date="2025-07-30">\n                                <div 
class="calendar-day-number">30</div>\n                                <div 
class="calendar-day-events"></div>\n                            </div>\n       
                 \n                            <div class="calendar-day \n     
                           other-month\n                                \n     
                           "\n                                
data-date="2025-07-31">\n                                <div 
class="calendar-day-number">31</div>\n                                <div 
class="calendar-day-events"></div>\n                            </div>\n       
                 \n                            <div class="calendar-day \n     
                           \n                                \n                
                "\n                                data-date="2025-08-01">\n   
                             <div class="calendar-day-number">1</div>\n        
                        <div class="calendar-day-events"></div>\n              
              </div>\n                        \n                            
<div class="calendar-day \n                                \n                  
              \n                                "\n                            
    data-date="2025-08-02">\n                                <div 
class="calendar-day-number">2</div>\n                                <div 
class="calendar-day-events"></div>\n                            </div>\n       
                 \n                            <div class="calendar-day \n     
                           \n                                today\n           
                     selected"\n                                
data-date="2025-08-03">\n                                <div 
class="calendar-day-number">3</div>\n                                <div 
class="calendar-day-events"></div>\n                            </div>\n       
                 \n                    \n                        \n            
                <div class="calendar-day \n                                \n  
                              \n                                "\n            
                    data-date="2025-08-04">\n                                
<div class="calendar-day-number">4</div>\n                                <div 
class="calendar-day-events"></div>\n                            </div>\n       
                 \n                            <div class="calendar-day \n     
                           \n                                \n                
                "\n                                data-date="2025-08-05">\n   
                             <div class="calendar-day-number">5</div>\n        
                        <div class="calendar-day-events"></div>\n              
              </div>\n                        \n                            
<div class="calendar-day \n                                \n                  
              \n                                "\n                            
    data-date="2025-08-06">\n                                <div 
class="calendar-day-number">6</div>\n                                <div 
class="calendar-day-events"></div>\n                            </div>\n       
                 \n                            <div class="calendar-day \n     
                           \n                                \n                
                "\n                                data-date="2025-08-07">\n   
                             <div class="calendar-day-number">7</div>\n        
                        <div class="calendar-day-events"></div>\n              
              </div>\n                        \n                            
<div class="calendar-day \n                                \n                  
              \n                                "\n                            
    data-date="2025-08-08">\n                                <div 
class="calendar-day-number">8</div>\n                                <div 
class="calendar-day-events"></div>\n                            </div>\n       
                 \n                            <div class="calendar-day \n     
                           \n                                \n                
                "\n                                data-date="2025-08-09">\n   
                             <div class="calendar-day-number">9</div>\n        
                        <div class="calendar-day-events"></div>\n              
              </div>\n                        \n                            
<div class="calendar-day \n                                \n                  
              \n                                "\n                            
    data-date="2025-08-10">\n                                <div 
class="calendar-day-number">10</div>\n                                <div 
class="calendar-day-events"></div>\n                            </div>\n       
                 \n                    \n                        \n            
                <div class="calendar-day \n                                \n  
                              \n                                "\n            
                    data-date="2025-08-11">\n                                
<div class="calendar-day-number">11</div>\n                                
<div class="calendar-day-events"></div>\n                            </div>\n  
                      \n                            <div class="calendar-day 
\n                                \n                                \n         
                       "\n                                
data-date="2025-08-12">\n                                <div 
class="calendar-day-number">12</div>\n                                <div 
class="calendar-day-events"></div>\n                            </div>\n       
                 \n                            <div class="calendar-day \n     
                           \n                                \n                
                "\n                                data-date="2025-08-13">\n   
                             <div class="calendar-day-number">13</div>\n       
                         <div class="calendar-day-events"></div>\n             
               </div>\n                        \n                            
<div class="calendar-day \n                                \n                  
              \n                                "\n                            
    data-date="2025-08-14">\n                                <div 
class="calendar-day-number">14</div>\n                                <div 
class="calendar-day-events"></div>\n                            </div>\n       
                 \n                            <div class="calendar-day \n     
                           \n                                \n                
                "\n                                data-date="2025-08-15">\n   
                             <div class="calendar-day-number">15</div>\n       
                         <div class="calendar-day-events"></div>\n             
               </div>\n                        \n                            
<div class="calendar-day \n                                \n                  
              \n                                "\n                            
    data-date="2025-08-16">\n                                <div 
class="calendar-day-number">16</div>\n                                <div 
class="calendar-day-events"></div>\n                            </div>\n       
                 \n                            <div class="calendar-day \n     
                           \n                                \n                
                "\n                                data-date="2025-08-17">\n   
                             <div class="calendar-day-number">17</div>\n       
                         <div class="calendar-day-events"></div>\n             
               </div>\n                        \n                    \n        
                \n                            <div class="calendar-day \n      
                          \n                                \n                 
               "\n                                data-date="2025-08-18">\n    
                            <div class="calendar-day-number">18</div>\n        
                        <div class="calendar-day-events"></div>\n              
              </div>\n                        \n                            
<div class="calendar-day \n                                \n                  
              \n                                "\n                            
    data-date="2025-08-19">\n                                <div 
class="calendar-day-number">19</div>\n                                <div 
class="calendar-day-events"></div>\n                            </div>\n       
                 \n                            <div class="calendar-day \n     
                           \n                                \n                
                "\n                                data-date="2025-08-20">\n   
                             <div class="calendar-day-number">20</div>\n       
                         <div class="calendar-day-events"></div>\n             
               </div>\n                        \n                            
<div class="calendar-day \n                                \n                  
              \n                                "\n                            
    data-date="2025-08-21">\n                                <div 
class="calendar-day-number">21</div>\n                                <div 
class="calendar-day-events"></div>\n                            </div>\n       
                 \n                            <div class="calendar-day \n     
                           \n                                \n                
                "\n                                data-date="2025-08-22">\n   
                             <div class="calendar-day-number">22</div>\n       
                         <div class="calendar-day-events"></div>\n             
               </div>\n                        \n                            
<div class="calendar-day \n                                \n                  
              \n                                "\n                            
    data-date="2025-08-23">\n                                <div 
class="calendar-day-number">23</div>\n                                <div 
class="calendar-day-events"></div>\n                            </div>\n       
                 \n                            <div class="calendar-day \n     
                           \n                                \n                
                "\n                                data-date="2025-08-24">\n   
                             <div class="calendar-day-number">24</div>\n       
                         <div class="calendar-day-events"></div>\n             
               </div>\n                        \n                    \n        
                \n                            <div class="calendar-day \n      
                          \n                                \n                 
               "\n                                data-date="2025-08-25">\n    
                            <div class="calendar-day-number">25</div>\n        
                        <div class="calendar-day-events"></div>\n              
              </div>\n                        \n                            
<div class="calendar-day \n                                \n                  
              \n                                "\n                            
    data-date="2025-08-26">\n                                <div 
class="calendar-day-number">26</div>\n                                <div 
class="calendar-day-events"></div>\n                            </div>\n       
                 \n                            <div class="calendar-day \n     
                           \n                                \n                
                "\n                                data-date="2025-08-27">\n   
                             <div class="calendar-day-number">27</div>\n       
                         <div class="calendar-day-events"></div>\n             
               </div>\n                        \n                            
<div class="calendar-day \n                                \n                  
              \n                                "\n                            
    data-date="2025-08-28">\n                                <div 
class="calendar-day-number">28</div>\n                                <div 
class="calendar-day-events"></div>\n                            </div>\n       
                 \n                            <div class="calendar-day \n     
                           \n                                \n                
                "\n                                data-date="2025-08-29">\n   
                             <div class="calendar-day-number">29</div>\n       
                         <div class="calendar-day-events"></div>\n             
               </div>\n                        \n                            
<div class="calendar-day \n                                \n                  
              \n                                "\n                            
    data-date="2025-08-30">\n                                <div 
class="calendar-day-number">30</div>\n                                <div 
class="calendar-day-events"></div>\n                            </div>\n       
                 \n                            <div class="calendar-day \n     
                           \n                                \n                
                "\n                                data-date="2025-08-31">\n   
                             <div class="calendar-day-number">31</div>\n       
                         <div class="calendar-day-events"></div>\n             
               </div>\n                        \n                    \n        
        </div>\n            </div>\n        </div>\n        \n        <div 
class="col-lg-4">\n            <div class="time-slots">\n                <h3 
class="h5 mb-4">Available Slots for August 3, 2025</h3>\n                \n    
            \n                    <div class="d-flex flex-wrap">\n             
           \n                            <a 
href="/booking/create/?venue=1&date=2025-08-03&slot=1" \n                      
         class="time-slot">\n                                9:00 AM - 10:00 
AM\n                            </a>\n                        \n               
             <a href="/booking/create/?venue=1&date=2025-08-03&slot=2" \n      
                         class="time-slot">\n                                
10:00 AM - 11:00 AM\n                            </a>\n                        
\n                    </div>\n                \n            </div>\n        
</div>\n    </div>\n</div>\n\n  </div>\n\n</body>\n</html>\n\n'

----------------------------------------------------------------------
Ran 1 test in 0.460s

FAILED (failures=1)
Destroying test database for alias 'default' 
('file:memorydb_default?mode=memory&cache=shared')...

b'<!DOCTYPE html>\n<html lang="en">\n<head>\n  <meta charset="UTF-8" />\n  <meta name="viewport" content="width=device-width, initial-scale=1.0">\n  <title>Court Availability - Sports Center</title>\n  <link href="https://cdn.jsdelivr.net/npm/bootstrap@5.3.2/dist/css/bootstrap.min.css" rel="stylesheet" />\n  <link rel="stylesheet" href="https://cdnjs.cloudflare.com/ajax/libs/font-awesome/6.4.0/css/all.min.css" />\n  <script src="https://cdn.jsdelivr.net/npm/bootstrap@5.3.2/dist/js/bootstrap.bundle.min.js"></script>\n  \n<style>\n    .calendar-header {\n        background: linear-gradient(135deg, #4e73df 0%, #224abe 100%);\n        color: white;\n        border-radius: 10px;\n        padding: 1.5rem;\n        margin-bottom: 1.5rem;\n    }\n    \n    .calendar-nav {\n        display: flex;\n        justify-content: space-between;\n        align-items: center;\n        margin-bottom: 1rem;\n    }\n    \n    .calendar-title {\n        font-size: 1.5rem;\n        font-weight: 600;\n        margin: 0;\n    }\n    \n    .calendar-grid {\n        background: white;\n        border-radius: 10px;\n        box-shadow: 0 0.15rem 1.75rem 0 rgba(58, 59, 69, 0.15);\n        padding: 1.5rem;\n        margin-bottom: 1.5rem;\n    }\n    \n    .calendar-weekdays {\n        display: grid;\n        grid-template-columns: repeat(7, 1fr);\n        gap: 0.5rem;\n        margin-bottom: 0.5rem;\n        font-weight: 600;\n        text-align: center;\n    }\n    \n    .calendar-days {\n        display: grid;\n        grid-template-columns: repeat(7, 1fr);\n        gap: 0.5rem;\n    }\n    \n    .calendar-day {\n        aspect-ratio: 1;\n        display: flex;\n        flex-direction: column;\n        align-items: center;\n        justify-content: center;\n        border-radius: 8px;\n        cursor: pointer;\n        transition: all 0.2s;\n        position: relative;\n        padding: 0.5rem;\n    }\n    \n    .calendar-day:hover {\n        background-color: #f8f9fc;\n    }\n    \n    .calendar-day.today {\n        background-color: #e3f2fd;\n        font-weight: 600;\n    }\n    \n    .calendar-day.selected {\n        background-color: #4e73df;\n        color: white;\n    }\n    \n    .calendar-day.other-month {\n        opacity: 0.5;\n    }\n    \n    .calendar-day-number {\n        font-size: 1.1rem;\n        margin-bottom: 0.25rem;\n    }\n    \n    .time-slots {\n        background: white;\n        border-radius: 10px;\n        box-shadow: 0 0.15rem 1.75rem 0 rgba(58, 59, 69, 0.15);\n        padding: 1.5rem;\n    }\n    \n    .time-slot {\n        display: inline-block;\n        padding: 0.5rem 1rem;\n        margin: 0.25rem;\n        background-color: #f8f9fc;\n        border-radius: 20px;\n        cursor: pointer;\n        transition: all 0.2s;\n    }\n    \n    .time-slot:hover, .time-slot.selected {\n        background-color: #4e73df;\n        color: white;\n    }\n    \n    .venue-selector {\n        margin-bottom: 1.5rem;\n    }\n    \n    .btn-date-nav {\n        background: rgba(255, 255, 255, 0.1);\n        border: none;\n        color: white;\n        border-radius: 50%;\n        width: 2.5rem;\n        height: 2.5rem;\n        display: flex;\n        align-items: center;\n        justify-content: center;\n        transition: all 0.2s;\n    }\n    \n    .btn-date-nav:hover {\n        background: rgba(255, 255, 255, 0.2);\n    }\n</style>\n\n  <style>\n    /* Ensure the body takes full height */\n    html, body {\n      height: 100%;\n      margin: 0;\n      padding: 0;\n    }\n  </style>\n</head>\n<body>\n\n  <!-- Background video and overlay will be added by child templates -->\n\n  <nav class="navbar navbar-expand-lg navbar-dark bg-dark">\n    <div class="container">\n      <a class="navbar-brand" href="/">Sports Center</a>\n      <button class="navbar-toggler" type="button" data-bs-toggle="collapse" data-bs-target="#navbarNav" aria-controls="navbarNav" aria-expanded="false" aria-label="Toggle navigation">\n        <span class="navbar-toggler-icon"></span>\n      </button>\n      <div class="collapse navbar-collapse" id="navbarNav">\n        <ul class="navbar-nav me-auto">\n          <li class="nav-item">\n            <a class="nav-link" href="/">Home</a>\n          </li>\n          \n          <li class="nav-item">\n            <a class="nav-link" href="/booking/calendar/">Book a Court</a>\n          </li>\n          <li class="nav-item">\n            <a class="nav-link" href="/booking/my-bookings/">My Bookings</a>\n          </li>\n          \n        </ul>\n        <ul class="navbar-nav">\n          \n          <li class="nav-item dropdown">\n            <a class="nav-link dropdown-toggle" href="#" id="navbarDropdown" role="button" data-bs-toggle="dropdown" aria-expanded="false">\n              \n                <img src="/media/images/default-avatar.svg" class="rounded-circle me-1" width="30" height="30" alt="Profile">\n              \n              Test User\n            </a>\n            <ul class="dropdown-menu dropdown-menu-end" aria-labelledby="navbarDropdown">\n              <li><a class="dropdown-item" href="/user/profile/"><i class="fas fa-user me-2"></i>Profile</a></li>\n              <li><a class="dropdown-item" href="/user/change-password/"><i class="fas fa-key me-2"></i>Change Password</a></li>\n              <li><hr class="dropdown-divider"></li>\n              <li><a class="dropdown-item text-danger" href="/user/logout/"><i class="fas fa-sign-out-alt me-2"></i>Logout</a></li>\n            </ul>\n          </li>\n          \n        </ul>\n      </div>\n    </div>\n  </nav>\n\n  <div class="container mt-4 position-relative" style="z-index: 2;">\n    \n<div class="container py-4">\n    <div class="calendar-header">\n        <div class="d-flex justify-content-between align-items-center mb-4">\n            <h1 class="h3 mb-0 text-white">Court Availability</h1>\n            <div class="venue-selector">\n                <select class="form-select" id="venueSelect">\n                    \n                    <option value="1" selected>\n                        Basketball Court (50.00/hr)\n                    </option>\n                    \n                </select>\n            </div>\n        </div>\n        \n        <div class="calendar-nav">\n            <a href="/booking/calendar/2025/7/" \n               class="btn-date-nav">\n                <i class="fas fa-chevron-left"></i>\n            </a>\n            \n            <h2 class="calendar-title">\n                August 2025\n            </h2>\n            \n            <a href="/booking/calendar/2025/9/" \n               class="btn-date-nav">\n                <i class="fas fa-chevron-right"></i>\n            </a>\n        </div>\n    </div>\n    \n    <div class="row">\n        <div class="col-lg-8">\n            <div class="calendar-grid">\n                <div class="calendar-weekdays">\n                    <div>Mon</div>\n                    <div>Tue</div>\n                    <div>Wed</div>\n                    <div>Thu</div>\n                    <div>Fri</div>\n                    <div>Sat</div>\n                    <div>Sun</div>\n                </div>\n                \n                <div class="calendar-days">\n                    \n                        \n                            <div class="calendar-day \n                                other-month\n                                \n                                "\n                                data-date="2025-07-28">\n                                <div class="calendar-day-number">28</div>\n                                <div class="calendar-day-events"></div>\n                            </div>\n                        \n                            <div class="calendar-day \n                                other-month\n                                \n                                "\n                                data-date="2025-07-29">\n                                <div class="calendar-day-number">29</div>\n                                <div class="calendar-day-events"></div>\n                            </div>\n                        \n                            <div class="calendar-day \n                                other-month\n                                \n                                "\n                                data-date="2025-07-30">\n                                <div class="calendar-day-number">30</div>\n                                <div class="calendar-day-events"></div>\n                            </div>\n                        \n                            <div class="calendar-day \n                                other-month\n                                \n                                "\n                                data-date="2025-07-31">\n                                <div class="calendar-day-number">31</div>\n                                <div class="calendar-day-events"></div>\n                            </div>\n                        \n                            <div class="calendar-day \n                                \n                                \n                                "\n                                data-date="2025-08-01">\n                                <div class="calendar-day-number">1</div>\n                                <div class="calendar-day-events"></div>\n                            </div>\n                        \n                            <div class="calendar-day \n                                \n                                \n                                "\n                                data-date="2025-08-02">\n                                <div class="calendar-day-number">2</div>\n                                <div class="calendar-day-events"></div>\n                            </div>\n                        \n                            <div class="calendar-day \n                                \n                                today\n                                selected"\n                                data-date="2025-08-03">\n                                <div class="calendar-day-number">3</div>\n                                <div class="calendar-day-events"></div>\n                            </div>\n                        \n                    \n                        \n                            <div class="calendar-day \n                                \n                                \n                                "\n                                data-date="2025-08-04">\n                                <div class="calendar-day-number">4</div>\n                                <div class="calendar-day-events"></div>\n                            </div>\n                        \n                            <div class="calendar-day \n                                \n                                \n                                "\n                                data-date="2025-08-05">\n                                <div class="calendar-day-number">5</div>\n                                <div class="calendar-day-events"></div>\n                            </div>\n                        \n                            <div class="calendar-day \n                                \n                                \n                                "\n                                data-date="2025-08-06">\n                                <div class="calendar-day-number">6</div>\n                                <div class="calendar-day-events"></div>\n                            </div>\n                        \n                            <div class="calendar-day \n                                \n                                \n                                "\n                                data-date="2025-08-07">\n                                <div class="calendar-day-number">7</div>\n                                <div class="calendar-day-events"></div>\n                            </div>\n                        \n                            <div class="calendar-day \n                                \n                                \n                                "\n                                data-date="2025-08-08">\n                                <div class="calendar-day-number">8</div>\n                                <div class="calendar-day-events"></div>\n                            </div>\n                        \n                            <div class="calendar-day \n                                \n                                \n                                "\n                                data-date="2025-08-09">\n                                <div class="calendar-day-number">9</div>\n                                <div class="calendar-day-events"></div>\n                            </div>\n                        \n                            <div class="calendar-day \n                                \n                                \n                                "\n                                data-date="2025-08-10">\n                                <div class="calendar-day-number">10</div>\n                                <div class="calendar-day-events"></div>\n                            </div>\n                        \n                    \n                        \n                            <div class="calendar-day \n                                \n                                \n                                "\n                                data-date="2025-08-11">\n                                <div class="calendar-day-number">11</div>\n                                <div class="calendar-day-events"></div>\n                            </div>\n                        \n                            <div class="calendar-day \n                                \n                                \n                                "\n                                data-date="2025-08-12">\n                                <div class="calendar-day-number">12</div>\n                                <div class="calendar-day-events"></div>\n                            </div>\n                        \n                            <div class="calendar-day \n                                \n                                \n                                "\n                                data-date="2025-08-13">\n                                <div class="calendar-day-number">13</div>\n                                <div class="calendar-day-events"></div>\n                            </div>\n                        \n                            <div class="calendar-day \n                                \n                                \n                                "\n                                data-date="2025-08-14">\n                                <div class="calendar-day-number">14</div>\n                                <div class="calendar-day-events"></div>\n                            </div>\n                        \n                            <div class="calendar-day \n                                \n                                \n                                "\n                                data-date="2025-08-15">\n                                <div class="calendar-day-number">15</div>\n                                <div class="calendar-day-events"></div>\n                            </div>\n                        \n                            <div class="calendar-day \n                                \n                                \n                                "\n                                data-date="2025-08-16">\n                                <div class="calendar-day-number">16</div>\n                                <div class="calendar-day-events"></div>\n                            </div>\n                        \n                            <div class="calendar-day \n                                \n                                \n                                "\n                                data-date="2025-08-17">\n                                <div class="calendar-day-number">17</div>\n                                <div class="calendar-day-events"></div>\n                            </div>\n                        \n                    \n                        \n                            <div class="calendar-day \n                                \n                                \n                                "\n                                data-date="2025-08-18">\n                                <div class="calendar-day-number">18</div>\n                                <div class="calendar-day-events"></div>\n                            </div>\n                        \n                            <div class="calendar-day \n                                \n                                \n                                "\n                                data-date="2025-08-19">\n                                <div class="calendar-day-number">19</div>\n                                <div class="calendar-day-events"></div>\n                            </div>\n                        \n                            <div class="calendar-day \n                                \n                                \n                                "\n                                data-date="2025-08-20">\n                                <div class="calendar-day-number">20</div>\n                                <div class="calendar-day-events"></div>\n                            </div>\n                        \n                            <div class="calendar-day \n                                \n                                \n                                "\n                                data-date="2025-08-21">\n                                <div class="calendar-day-number">21</div>\n                                <div class="calendar-day-events"></div>\n                            </div>\n                        \n                            <div class="calendar-day \n                                \n                                \n                                "\n                                data-date="2025-08-22">\n                                <div class="calendar-day-number">22</div>\n                                <div class="calendar-day-events"></div>\n                            </div>\n                        \n                            <div class="calendar-day \n                                \n                                \n                                "\n                                data-date="2025-08-23">\n                                <div class="calendar-day-number">23</div>\n                                <div class="calendar-day-events"></div>\n                            </div>\n                        \n                            <div class="calendar-day \n                                \n                                \n                                "\n                                data-date="2025-08-24">\n                                <div class="calendar-day-number">24</div>\n                                <div class="calendar-day-events"></div>\n                            </div>\n                        \n                    \n                        \n                            <div class="calendar-day \n                                \n                                \n                                "\n                                data-date="2025-08-25">\n                                <div class="calendar-day-number">25</div>\n                                <div class="calendar-day-events"></div>\n                            </div>\n                        \n                            <div class="calendar-day \n                                \n                                \n                                "\n                                data-date="2025-08-26">\n                                <div class="calendar-day-number">26</div>\n                                <div class="calendar-day-events"></div>\n                            </div>\n                        \n                            <div class="calendar-day \n                                \n                                \n                                "\n                                data-date="2025-08-27">\n                                <div class="calendar-day-number">27</div>\n                                <div class="calendar-day-events"></div>\n                            </div>\n                        \n                            <div class="calendar-day \n                                \n                                \n                                "\n                                data-date="2025-08-28">\n                                <div class="calendar-day-number">28</div>\n                                <div class="calendar-day-events"></div>\n                            </div>\n                        \n                            <div class="calendar-day \n                                \n                                \n                                "\n                                data-date="2025-08-29">\n                                <div class="calendar-day-number">29</div>\n                                <div class="calendar-day-events"></div>\n                            </div>\n                        \n                            <div class="calendar-day \n                                \n                                \n                                "\n                                data-date="2025-08-30">\n                                <div class="calendar-day-number">30</div>\n                                <div class="calendar-day-events"></div>\n                            </div>\n                        \n                            <div class="calendar-day \n                                \n                                \n                                "\n                                data-date="2025-08-31">\n                                <div class="calendar-day-number">31</div>\n                                <div class="calendar-day-events"></div>\n                            </div>\n                        \n                    \n                </div>\n            </div>\n        </div>\n        \n        <div class="col-lg-4">\n            <div class="time-slots">\n                <h3 class="h5 mb-4">Available Slots for August 3, 2025</h3>\n                \n                \n                    <div class="d-flex flex-wrap">\n                        \n                            <a href="/booking/create/?venue=1&date=2025-08-03&slot=1" \n                               class="time-slot">\n                                9:00 AM - 10:00 AM\n                            </a>\n                        \n                            <a href="/booking/create/?venue=1&date=2025-08-03&slot=2" \n                               class="time-slot">\n                                10:00 AM - 11:00 AM\n                            </a>\n                        \n                    </div>\n                \n            </div>\n        </div>\n    </div>\n</div>\n\n  </div>\n\n</body>\n</html>\n\n'
